stage=19 seed=0
design-size=(28, 18) canvas-size=(30, 20) margin=(1, 1)
chunks=stage-19-fixed-v1 -> goal-noop
programs=2 initial=player=(5, 5) stones=[(9, 5), (18, 5)] dig=0:5,1:5 place=unlimited goal=not-reached actions=0 blocked=0
round   2 stone 0: dug tile at (10, 5)
round   2 stone 1: dug tile at (19, 5)
round   3 stone 0: stone 0 -> (10, 5)
round   3 stone 1: stone 1 -> (19, 5)
round   4 stone 0: dug tile at (11, 5)
round   4 stone 1: dug tile at (20, 5)
round   5 stone 0: stone 0 -> (11, 5)
round   5 stone 1: stone 1 -> (20, 5)
round   6 stone 0: stone 0 -> (11, 4)
round   6 stone 1: stone 1 -> (20, 4)
round  11 player: player -> (6, 5)
round  12 player: player -> (7, 5)
round  13 player: player -> (8, 5)
round  14 player: player -> (9, 5)
round  15 player: player -> (10, 5)
round  16 player: player -> (11, 5)
round  17 player: player -> (12, 5)
round  18 player: player -> (13, 5)
round  19 player: player -> (14, 5)
round  20 player: player -> (15, 5)
round  21 player: player -> (16, 5)
round  22 player: player -> (17, 5)
round  23 player: player -> (18, 5)
round  24 player: player -> (19, 5)
round  25 player: player -> (20, 5)
round  26 player: player -> (21, 5)
round  27 player: player -> (22, 5)
round  28 player: player -> (23, 5)
round  29 player: player -> (24, 5)
round  30 player: player -> (25, 5)
round  31 player: player -> (26, 5)
round  32 player: player -> (27, 5)
round  33 player: player -> (28, 1)
goal reached at round 33
final: player=(28, 1) stones=[(11, 4), (20, 4)] dig=0:3,1:3 place=unlimited goal=reached actions=33 blocked=0
goal-reachable=true (abstract grid model)
